$ tsc -p tsconfig.builder.json --noEmit
modules/builder-v2/website-engine/components/verification.ts(37,3): error TS2322: Type 'Readonly<{ id: string; version: "0.1.0"; designIntent: { id: string; goals: string[]; constraints: any[]; mood: string[]; audiencePerception: string[]; }; designLanguage: { name: DesignLanguageName; ... 11 more ...; unsuitableIndustries: any[]; }; ... 13 more ...; confidence: 0.7; }>' is not assignable to type 'Readonly<{ id: string; version: string; designIntent: Readonly<{ id: string; goals: string[]; constraints: string[]; mood: string[]; audiencePerception: string[]; }>; designLanguage: Readonly<{ name: DesignLanguageName; ... 11 more ...; unsuitableIndustries: (BusinessFamily | "government")[]; }>; ... 13 more ...; co...'.
  The types of 'motionProfile.level' are incompatible between these types.
    Type 'string' is not assignable to type '"none" | "low" | "medium"'.
modules/builder-v2/website-engine/components/verification.ts(60,3): error TS2322: Type 'Readonly<{ id: string; version: "0.1.0"; requiredImages: any[]; requiredVideos: any[]; icons: any[]; maps: any[]; threeDInteractiveNeeds: any[]; assetRequirements: any[]; assetReadiness: { score: number; knownAssetCount: number; missingRequiredCount: number; requiredCount: number; reasons: any[]; }; ... 8 more ...; ...' is not assignable to type 'Readonly<{ id: string; version: string; requiredImages: Readonly<{ id: string; label: string; purpose: string; truthLevel: MediaTruthLevel; required: boolean; suitableForAiGeneration: boolean; notes: string[]; }>[]; ... 14 more ...; warnings: string[]; }>'.
  The types of 'substitutionPolicy.defaultAction' are incompatible between these types.
    Type 'string' is not assignable to type '"omit" | "request_asset" | "neutral_placeholder" | "provider_candidate"'.
modules/builder-v2/website-engine/components/verification.ts(64,3): error TS2322: Type 'Readonly<{ id: string; version: "0.1.0"; motionLanguage: "Minimal"; scrollBehavior: { strategy: string; philosophy: any[]; }; revealStrategy: { primary: string; secondary: any[]; avoid: any[]; }; parallaxStrategy: { ...; }; ... 12 more ...; confidence: 0.7; }>' is not assignable to type 'Readonly<{ id: string; version: string; motionLanguage: MotionLanguage; scrollBehavior: Readonly<{ strategy: "Editorial" | "Narrative" | "Natural" | "Section snapping" | "Continuous" | "Long-form storytelling" | "Magazine" | "Presentation"; philosophy: string[]; }>; ... 14 more ...; confidence: number; }>'.
  The types of 'scrollBehavior.strategy' are incompatible between these types.
    Type 'string' is not assignable to type '"Editorial" | "Narrative" | "Natural" | "Section snapping" | "Continuous" | "Long-form storytelling" | "Magazine" | "Presentation"'.
modules/builder-v2/website-engine/creative-library/fragments/fragmentCatalog.ts(37,3): error TS2322: Type 'Readonly<{ id: `Fragment${string}${string}`; family: CreativeFragmentFamily; category: CreativeFragmentFamily; purpose: `${string} Variant ${string}.`; compatibility: { ...; }; ... 9 more ...; status: "stable"; }>' is not assignable to type 'Readonly<{ id: string; family: CreativeFragmentFamily; category: CreativeFragmentFamily; purpose: string; compatibility: Readonly<{ supportedRecipeFamilies: CreativeRecipeFamily[]; supportedDesignLanguages: string[]; supportedVisualMoods: string[]; supportedIndustries: string[]; dnaAxes: string[]; }>; ... 9 more ......'.
  Types of property 'assemblyRules' are incompatible.
    Type '{ rule: string; target: string; effect: string; codeGenerated: false; }[]' is not assignable to type 'Readonly<{ rule: string; target: "metadata" | "composition" | "fragments" | "recipe"; effect: string; codeGenerated: false; }>[]'.
      Type '{ rule: string; target: string; effect: string; codeGenerated: false; }' is not assignable to type 'Readonly<{ rule: string; target: "metadata" | "composition" | "fragments" | "recipe"; effect: string; codeGenerated: false; }>'.
        Types of property 'target' are incompatible.
          Type 'string' is not assignable to type '"metadata" | "composition" | "fragments" | "recipe"'.
modules/builder-v2/website-engine/creative-library/verification.ts(51,17): error TS2322: Type 'readonly string[]' is not assignable to type 'JsonValue'.
  The type 'readonly string[]' is 'readonly' and cannot be assigned to the mutable type 'JsonValue[]'.
modules/builder-v2/website-engine/design/designLanguages.ts(8,467): error TS2322: Type '"fashion"' is not assignable to type 'BusinessFamily | "government"'.
modules/builder-v2/website-engine/design/designLanguages.ts(17,400): error TS2322: Type '"fashion"' is not assignable to type 'BusinessFamily | "government"'.
modules/builder-v2/website-engine/evolution/candidateGenerator.ts(23,5): error TS2353: Object literal may only specify known properties, and 'similarityResult' does not exist in type 'Readonly<{ websiteSpec?: Readonly<{ id: string | EngineId; version: EngineVersionString; business: Readonly<{ businessName?: string; family: BusinessFamily; ... 9 more ...; sourceNotes?: string[]; }>; ... 21 more ...; fallbackStrategy?: string; }>; ... 14 more ...; featureFlags?: Readonly<...>; }>'.
modules/builder-v2/website-engine/evolution/candidateVariants.ts(248,3): error TS4104: The type 'readonly (Readonly<{ id: "a.trust-editorial"; label: "Trust Editorial"; mutationKinds: string[]; priority: 1; }> | Readonly<{ id: "b.conversion-direct"; label: "Conversion Direct"; mutationKinds: string[]; priority: 2; }> | Readonly<...> | Readonly<...> | Readonly<...>)[]' is 'readonly' and cannot be assigned to the mutable type 'Readonly<{ id: string; label: string; mutationKinds: CandidateMutationKind[]; priority: number; }>[]'.
modules/builder-v2/website-engine/inspiration/inspirationSources.ts(17,366): error TS2322: Type '"fashion"' is not assignable to type 'BusinessFamily | "government"'.
modules/builder-v2/website-engine/inspiration/verification.ts(18,3): error TS2322: Type 'Readonly<{ id: string; version: "0.1.0"; designIntent: { id: string; goals: string[]; constraints: any[]; mood: string[]; audiencePerception: string[]; }; designLanguage: { name: DesignLanguageName; ... 11 more ...; unsuitableIndustries: any[]; }; ... 13 more ...; confidence: 0.7; }>' is not assignable to type 'Readonly<{ id: string; version: string; designIntent: Readonly<{ id: string; goals: string[]; constraints: string[]; mood: string[]; audiencePerception: string[]; }>; designLanguage: Readonly<{ name: DesignLanguageName; ... 11 more ...; unsuitableIndustries: (BusinessFamily | "government")[]; }>; ... 13 more ...; co...'.
  The types of 'motionProfile.level' are incompatible between these types.
    Type 'string' is not assignable to type '"none" | "low" | "medium"'.
modules/builder-v2/website-engine/mapper/commandExecutor.ts(16,35): error TS2345: Argument of type '(this: undefined, commandPlan: Readonly<{ id: string; order: number; commandType: "InsertNodeCommand" | "UpdateNodeCommand" | "MoveNodeCommand" | "ReorderNodeCommand" | "DuplicateNodeCommand" | "StyleCommands"; ... 4 more ...; executed: false; }>) => UpdateNodeCommand[] | ... 3 more ... | DuplicateNodeCommand[]' is not assignable to parameter of type '(this: undefined, value: Readonly<{ id: string; order: number; commandType: "InsertNodeCommand" | "UpdateNodeCommand" | "MoveNodeCommand" | "ReorderNodeCommand" | "DuplicateNodeCommand" | "StyleCommands"; ... 4 more ...; executed: false; }>, index: number, array: Readonly<...>[]) => UpdateNodeCommand | readonly Upda...'.
  Type 'UpdateNodeCommand[] | InsertNodeCommand[] | MoveNodeCommand[] | ReorderNodeCommand[] | DuplicateNodeCommand[]' is not assignable to type 'UpdateNodeCommand | readonly UpdateNodeCommand[]'.
    Type 'InsertNodeCommand[]' is not assignable to type 'UpdateNodeCommand | readonly UpdateNodeCommand[]'.
      Type 'InsertNodeCommand[]' is not assignable to type 'readonly UpdateNodeCommand[]'.
        Type 'InsertNodeCommand' is missing the following properties from type 'UpdateNodeCommand': nodeId, patch
modules/builder-v2/website-engine/mapper/executionVerification.ts(20,7): error TS2322: Type 'Readonly<{ businessName: "Mapper Execution Academy"; family: "education"; industryId: "school"; audience: string[]; offerings: string[]; differentiators: any[]; proofPoints: any[]; knownFacts: { city: string; }; missingFacts: string[]; }>' is not assignable to type 'Readonly<{ businessName?: string; family: BusinessFamily; industryId?: string; subIndustryId?: string; location?: string; audience: string[]; offerings?: string[]; differentiators?: string[]; proofPoints?: string[]; knownFacts: Record<...>; missingFacts: Readonly<...>[]; sourceNotes?: string[]; }>'.
  Types of property 'missingFacts' are incompatible.
    Type 'string[]' is not assignable to type 'Readonly<{ id: string | EngineId; label: string; required: boolean; reason: string; severity?: EngineSeverity; }>[]'.
      Type 'string' is not assignable to type 'Readonly<{ id: string | EngineId; label: string; required: boolean; reason: string; severity?: EngineSeverity; }>'.
modules/builder-v2/website-engine/media-intelligence/mediaNeeds.ts(15,3): error TS4104: The type 'readonly Readonly<{ id: string; label: string; purpose: string; truthLevel: MediaTruthLevel; required: boolean; notes: string[]; }>[]' is 'readonly' and cannot be assigned to the mutable type 'MediaNeed[]'.
modules/builder-v2/website-engine/media-intelligence/mediaRisks.ts(15,3): error TS4104: The type 'readonly Readonly<{ code: string; message: string; severity: MediaRiskSeverity; targetId?: string; }>[]' is 'readonly' and cannot be assigned to the mutable type 'Readonly<{ code: string; message: string; severity: MediaRiskSeverity; targetId?: string; }>[]'.
modules/builder-v2/website-engine/media-intelligence/validation.ts(38,85): error TS2345: Argument of type '{ recoverable: boolean; severity: string; metadata: { path: string; code: string; }; }' is not assignable to parameter of type 'boolean'.
modules/builder-v2/website-engine/media-intelligence/verification.ts(24,3): error TS2322: Type 'Readonly<{ id: string; version: "0.1.0"; designIntent: { id: string; goals: string[]; constraints: any[]; mood: string[]; audiencePerception: string[]; }; designLanguage: { name: DesignLanguageName; ... 11 more ...; unsuitableIndustries: any[]; }; ... 13 more ...; confidence: 0.7; }>' is not assignable to type 'Readonly<{ id: string; version: string; designIntent: Readonly<{ id: string; goals: string[]; constraints: string[]; mood: string[]; audiencePerception: string[]; }>; designLanguage: Readonly<{ name: DesignLanguageName; ... 11 more ...; unsuitableIndustries: (BusinessFamily | "government")[]; }>; ... 13 more ...; co...'.
  The types of 'motionProfile.level' are incompatible between these types.
    Type 'string' is not assignable to type '"none" | "low" | "medium"'.
modules/builder-v2/website-engine/media-intelligence/verification.ts(51,3): error TS2322: Type 'Readonly<{ id: string; version: "0.1.0"; primaryEmotion: "trustworthy"; secondaryEmotion: "calm"; lighting: { kind: string; notes: any[]; }; cameraLanguage: { kind: string; framing: any[]; avoid: any[]; }; depth: { ...; }; ... 16 more ...; confidence: 0.7; }>' is not assignable to type 'Readonly<{ id: string; version: string; primaryEmotion: VisualEmotion; secondaryEmotion: VisualEmotion; lighting: Readonly<{ kind: LightingKind; notes: string[]; }>; ... 18 more ...; confidence: number; }>'.
  The types of 'lighting.kind' are incompatible between these types.
    Type 'string' is not assignable to type 'LightingKind'.
modules/builder-v2/website-engine/motion-intelligence/motionRisks.ts(10,3): error TS4104: The type 'readonly Readonly<{ code: string; message: string; severity: "major" | "minor" | "blocker"; }>[]' is 'readonly' and cannot be assigned to the mutable type 'Readonly<{ code: string; message: string; severity: "major" | "minor" | "blocker"; }>[]'.
modules/builder-v2/website-engine/motion-intelligence/validation.ts(32,87): error TS2345: Argument of type '{ recoverable: boolean; severity: string; metadata: { path: string; code: string; }; }' is not assignable to parameter of type 'boolean'.
modules/builder-v2/website-engine/motion-intelligence/verification.ts(21,3): error TS2322: Type 'Readonly<{ id: string; version: "0.1.0"; designIntent: { id: string; goals: string[]; constraints: any[]; mood: string[]; audiencePerception: string[]; }; designLanguage: { name: DesignLanguageName; ... 11 more ...; unsuitableIndustries: any[]; }; ... 13 more ...; confidence: 0.7; }>' is not assignable to type 'Readonly<{ id: string; version: string; designIntent: Readonly<{ id: string; goals: string[]; constraints: string[]; mood: string[]; audiencePerception: string[]; }>; designLanguage: Readonly<{ name: DesignLanguageName; ... 11 more ...; unsuitableIndustries: (BusinessFamily | "government")[]; }>; ... 13 more ...; co...'.
  The types of 'densityProfile.level' are incompatible between these types.
    Type 'string' is not assignable to type '"dense" | "balanced" | "airy"'.
modules/builder-v2/website-engine/motion-intelligence/verification.ts(48,3): error TS2322: Type 'Readonly<{ id: string; version: "0.1.0"; primaryEmotion: VisualEmotion; secondaryEmotion: "calm"; lighting: { kind: string; notes: any[]; }; cameraLanguage: { kind: string; framing: any[]; avoid: any[]; }; ... 17 more ...; confidence: 0.7; }>' is not assignable to type 'Readonly<{ id: string; version: string; primaryEmotion: VisualEmotion; secondaryEmotion: VisualEmotion; lighting: Readonly<{ kind: LightingKind; notes: string[]; }>; ... 18 more ...; confidence: number; }>'.
  The types of 'lighting.kind' are incompatible between these types.
    Type 'string' is not assignable to type 'LightingKind'.
modules/builder-v2/website-engine/motion-intelligence/verification.ts(77,3): error TS2322: Type 'Readonly<{ id: string; version: "0.1.0"; requiredImages: any[]; requiredVideos: any[]; icons: any[]; maps: any[]; threeDInteractiveNeeds: any[]; assetRequirements: any[]; assetReadiness: { score: number; knownAssetCount: number; missingRequiredCount: number; requiredCount: number; reasons: any[]; }; ... 8 more ...; ...' is not assignable to type 'Readonly<{ id: string; version: string; requiredImages: Readonly<{ id: string; label: string; purpose: string; truthLevel: MediaTruthLevel; required: boolean; suitableForAiGeneration: boolean; notes: string[]; }>[]; ... 14 more ...; warnings: string[]; }>'.
  The types of 'substitutionPolicy.defaultAction' are incompatible between these types.
    Type 'string' is not assignable to type '"omit" | "request_asset" | "neutral_placeholder" | "provider_candidate"'.
modules/builder-v2/website-engine/pattern-intelligence/patternIntelligence.ts(265,3): error TS2322: Type 'Readonly<{ family: "education" | "healthcare" | "hospitality" | "unknown" | "real_estate" | "food_and_beverage" | "beauty_wellness" | "fitness" | "automotive" | "construction" | "architecture_interiors" | ... 10 more ... | "personal_brand"; archetypes: string[]; evidence: string[]; }>' is not assignable to type 'Readonly<{ family: BusinessFamily | "government"; archetypes: WebsiteArchetypeId[]; evidence: string[]; }>'.
  Types of property 'archetypes' are incompatible.
    Type 'string[]' is not assignable to type 'WebsiteArchetypeId[]'.
      Type 'string' is not assignable to type 'WebsiteArchetypeId'.
modules/builder-v2/website-engine/renderer-parity/parityVerification.ts(20,7): error TS2322: Type 'Readonly<{ businessName: "Parity Auto Studio"; family: "automotive"; industryId: "automotive-service"; audience: string[]; offerings: string[]; differentiators: any[]; proofPoints: any[]; knownFacts: { ...; }; missingFacts: string[]; }>' is not assignable to type 'Readonly<{ businessName?: string; family: BusinessFamily; industryId?: string; subIndustryId?: string; location?: string; audience: string[]; offerings?: string[]; differentiators?: string[]; proofPoints?: string[]; knownFacts: Record<...>; missingFacts: Readonly<...>[]; sourceNotes?: string[]; }>'.
  Types of property 'missingFacts' are incompatible.
    Type 'string[]' is not assignable to type 'Readonly<{ id: string | EngineId; label: string; required: boolean; reason: string; severity?: EngineSeverity; }>[]'.
      Type 'string' is not assignable to type 'Readonly<{ id: string | EngineId; label: string; required: boolean; reason: string; severity?: EngineSeverity; }>'.
modules/builder-v2/website-engine/similarity/SimilarityEngine.ts(121,83): error TS2551: Property 'industry' does not exist on type 'Readonly<{ businessName?: string; family: BusinessFamily; industryId?: string; subIndustryId?: string; location?: string; audience: string[]; offerings?: string[]; differentiators?: string[]; proofPoints?: string[]; knownFacts: Record<...>; missingFacts: Readonly<...>[]; sourceNotes?: string[]; }>'. Did you mean 'industryId'?
modules/builder-v2/website-engine/simulation/seoSimulation.ts(14,97): error TS2339: Property 'seo' does not exist on type 'Readonly<{ id: string | EngineId; version: EngineVersionString; business: Readonly<{ businessName?: string; family: BusinessFamily; industryId?: string; ... 8 more ...; sourceNotes?: string[]; }>; ... 21 more ...; fallbackStrategy?: string; }>'.
modules/builder-v2/website-engine/specification/websiteDnaBuilder.ts(16,9): error TS2322: Type 'Readonly<{ id: "website-dna.local"; version: string; businessProfileRef: string; brandProfileRef: string; contentStrategyRef: string; experienceStrategyRef: string; visualIdentity: string[]; contentIdentity: string[]; ... 5 more ...; seoIdentity: string[]; }>' is not assignable to type 'Readonly<{ id?: string | EngineId; version: EngineVersionString; businessProfileRef?: string; brandProfileRef?: string; contentStrategyRef?: string; experienceStrategyRef?: string; ... 7 more ...; seoIdentity: string[]; }>'.
  Types of property 'version' are incompatible.
    Type 'string' is not assignable to type 'EngineVersionString'.
modules/builder-v2/website-engine/specification/WebsiteSpecBuilder.ts(23,3): error TS2322: Type 'Readonly<{ businessName: string; family: BusinessFamily; industryId: string; subIndustryId: string; location: string; audience: string[]; offerings: string[]; differentiators: string[]; proofPoints: string[]; knownFacts: Readonly<...>; missingFacts: Readonly<...>[]; sourceNotes: string[]; }>' is not assignable to type 'Readonly<{ businessName?: string; family: BusinessFamily; industryId?: string; subIndustryId?: string; location?: string; audience: string[]; offerings?: string[]; differentiators?: string[]; proofPoints?: string[]; knownFacts: Record<...>; missingFacts: Readonly<...>[]; sourceNotes?: string[]; }>'.
  Types of property 'knownFacts' are incompatible.
    Type 'Readonly<{ [x: string]: unknown; }>' is not assignable to type 'Record<string, JsonValue>'.
      'string' index signatures are incompatible.
        Type 'unknown' is not assignable to type 'JsonValue'.
modules/builder-v2/website-engine/specification/WebsiteSpecBuilder.ts(141,3): error TS2322: Type 'Readonly<{ id: "website-spec.local"; version: string; business: Readonly<{ businessName?: string; family: BusinessFamily; industryId?: string; subIndustryId?: string; location?: string; audience: string[]; ... 5 more ...; sourceNotes?: string[]; }>; ... 21 more ...; fallbackStrategy: string; }>' is not assignable to type 'Readonly<{ id: string | EngineId; version: EngineVersionString; business: Readonly<{ businessName?: string; family: BusinessFamily; industryId?: string; ... 8 more ...; sourceNotes?: string[]; }>; ... 21 more ...; fallbackStrategy?: string; }>'.
  Types of property 'version' are incompatible.
    Type 'string' is not assignable to type 'EngineVersionString'.
modules/builder-v2/website-engine/visual-mood/imageStyle.ts(11,40): error TS2322: Type 'Readonly<{ primary: "healthcare"; supporting: string[]; avoid: string[]; }>' is not assignable to type 'Readonly<{ primary: ImageStyleKind; supporting: ImageStyleKind[]; avoid: string[]; }>'.
  Types of property 'supporting' are incompatible.
    Type 'string[]' is not assignable to type 'ImageStyleKind[]'.
      Type 'string' is not assignable to type 'ImageStyleKind'.
modules/builder-v2/website-engine/visual-mood/imageStyle.ts(12,47): error TS2322: Type 'Readonly<{ primary: "hospitality"; supporting: string[]; avoid: string[]; }>' is not assignable to type 'Readonly<{ primary: ImageStyleKind; supporting: ImageStyleKind[]; avoid: string[]; }>'.
  Types of property 'supporting' are incompatible.
    Type 'string[]' is not assignable to type 'ImageStyleKind[]'.
      Type 'string' is not assignable to type 'ImageStyleKind'.
modules/builder-v2/website-engine/visual-mood/imageStyle.ts(13,40): error TS2322: Type 'Readonly<{ primary: "automotive"; supporting: string[]; avoid: string[]; }>' is not assignable to type 'Readonly<{ primary: ImageStyleKind; supporting: ImageStyleKind[]; avoid: string[]; }>'.
  Types of property 'supporting' are incompatible.
    Type 'string[]' is not assignable to type 'ImageStyleKind[]'.
      Type 'string' is not assignable to type 'ImageStyleKind'.
modules/builder-v2/website-engine/visual-mood/imageStyle.ts(14,39): error TS2322: Type 'Readonly<{ primary: "lifestyle"; supporting: string[]; avoid: string[]; }>' is not assignable to type 'Readonly<{ primary: ImageStyleKind; supporting: ImageStyleKind[]; avoid: string[]; }>'.
  Types of property 'supporting' are incompatible.
    Type 'string[]' is not assignable to type 'ImageStyleKind[]'.
      Type 'string' is not assignable to type 'ImageStyleKind'.
modules/builder-v2/website-engine/visual-mood/imageStyle.ts(15,88): error TS2322: Type 'Readonly<{ primary: "architectural"; supporting: string[]; avoid: string[]; }>' is not assignable to type 'Readonly<{ primary: ImageStyleKind; supporting: ImageStyleKind[]; avoid: string[]; }>'.
  Types of property 'supporting' are incompatible.
    Type 'string[]' is not assignable to type 'ImageStyleKind[]'.
      Type 'string' is not assignable to type 'ImageStyleKind'.
modules/builder-v2/website-engine/visual-mood/imageStyle.ts(16,43): error TS2322: Type 'Readonly<{ primary: "product"; supporting: string[]; avoid: string[]; }>' is not assignable to type 'Readonly<{ primary: ImageStyleKind; supporting: ImageStyleKind[]; avoid: string[]; }>'.
  Types of property 'supporting' are incompatible.
    Type 'string[]' is not assignable to type 'ImageStyleKind[]'.
      Type 'string' is not assignable to type 'ImageStyleKind'.
modules/builder-v2/website-engine/visual-mood/imageStyle.ts(17,3): error TS2322: Type 'Readonly<{ primary: "commercial"; supporting: string[]; avoid: string[]; }>' is not assignable to type 'Readonly<{ primary: ImageStyleKind; supporting: ImageStyleKind[]; avoid: string[]; }>'.
  Types of property 'supporting' are incompatible.
    Type 'string[]' is not assignable to type 'ImageStyleKind[]'.
      Type 'string' is not assignable to type 'ImageStyleKind'.
modules/builder-v2/website-engine/visual-mood/validation.ts(40,83): error TS2345: Argument of type '{ recoverable: boolean; severity: string; metadata: { path: string; code: string; }; }' is not assignable to parameter of type 'boolean'.
modules/builder-v2/website-engine/visual-mood/verification.ts(19,3): error TS2322: Type 'Readonly<{ id: string; version: "0.1.0"; designIntent: { id: string; goals: string[]; constraints: any[]; mood: string[]; audiencePerception: string[]; }; designLanguage: { name: DesignLanguageName; ... 11 more ...; unsuitableIndustries: any[]; }; ... 13 more ...; confidence: 0.7; }>' is not assignable to type 'Readonly<{ id: string; version: string; designIntent: Readonly<{ id: string; goals: string[]; constraints: string[]; mood: string[]; audiencePerception: string[]; }>; designLanguage: Readonly<{ name: DesignLanguageName; ... 11 more ...; unsuitableIndustries: (BusinessFamily | "government")[]; }>; ... 13 more ...; co...'.
  The types of 'motionProfile.level' are incompatible between these types.
    Type 'string' is not assignable to type '"none" | "low" | "medium"'.
modules/builder-v2/website-engine/visual-mood/verification.ts(42,3): error TS2322: Type 'Readonly<{ id: string; version: "0.1.0"; selectedInspirationCategories: string[]; inspirationTraits: string[]; spacingTraits: any[]; typographyTraits: any[]; compositionTraits: any[]; motionPhilosophy: any[]; ... 11 more ...; warnings: any[]; }>' is not assignable to type 'Readonly<{ id: string; version: string; selectedInspirationCategories: string[]; inspirationTraits: string[]; spacingTraits: string[]; typographyTraits: string[]; compositionTraits: string[]; motionPhilosophy: string[]; ... 11 more ...; warnings: string[]; }>'.
  Types of property 'risks' are incompatible.
    Type '{ code: string; message: string; severity: string; }[]' is not assignable to type 'Readonly<{ code: string; message: string; severity: "major" | "minor"; }>[]'.
      Type '{ code: string; message: string; severity: string; }' is not assignable to type 'Readonly<{ code: string; message: string; severity: "major" | "minor"; }>'.
        Types of property 'severity' are incompatible.
          Type 'string' is not assignable to type '"major" | "minor"'.
[ELIFECYCLE] Command failed with exit code 2.
RC0_EXIT=2 RC0_DURATION_SECONDS=12
