
Running 2 tests using 1 worker

  ✓  1 [setup] › playwright/tests/auth.setup.ts:7:6 › authenticate Builder RC user (5.8s)
  ✘  2 [builder-chromium] › playwright/tests/builder/operations/drag-insert.spec.ts:30:5 › @operations @palette inserts Heading into a non-empty Container and persists (6.1s)


  1) [builder-chromium] › playwright/tests/builder/operations/drag-insert.spec.ts:30:5 › @operations @palette inserts Heading into a non-empty Container and persists 

    Error: expect(received).toBe(expected) // Object.is equality

    Expected: "inside"
    Received: "after"

       at ../helpers/builderDrag.ts:194

      192 |   expect(committed, "native palette drop must reach the production commit handler").toBeTruthy();
      193 |   expect(committed.targetParentId).toBe(targetId);
    > 194 |   expect(committed.intent).toBe("inside");
          |                            ^
      195 | }
      196 |
      197 | export async function dragSelectedNodeRelativeToSibling(
        at dragPaletteWidgetInside (/Users/kailash/buildez/apps/web-app/playwright/helpers/builderDrag.ts:194:28)
        at /Users/kailash/buildez/apps/web-app/playwright/tests/builder/operations/drag-insert.spec.ts:35:3

    attachment #1: screenshot (image/png) ──────────────────────────────────────────────────────────
    test-results/builder-operations-drag-in-91bb4-mpty-Container-and-persists-builder-chromium/test-failed-1.png
    ────────────────────────────────────────────────────────────────────────────────────────────────

    attachment #2: video (video/webm) ──────────────────────────────────────────────────────────────
    test-results/builder-operations-drag-in-91bb4-mpty-Container-and-persists-builder-chromium/video.webm
    ────────────────────────────────────────────────────────────────────────────────────────────────

    Error Context: test-results/builder-operations-drag-in-91bb4-mpty-Container-and-persists-builder-chromium/error-context.md

    attachment #4: trace (application/zip) ─────────────────────────────────────────────────────────
    test-results/builder-operations-drag-in-91bb4-mpty-Container-and-persists-builder-chromium/trace.zip
    Usage:

        pnpm exec playwright show-trace test-results/builder-operations-drag-in-91bb4-mpty-Container-and-persists-builder-chromium/trace.zip

    ────────────────────────────────────────────────────────────────────────────────────────────────

  1 failed
    [builder-chromium] › playwright/tests/builder/operations/drag-insert.spec.ts:30:5 › @operations @palette inserts Heading into a non-empty Container and persists 
  1 passed (15.0s)

To open last HTML report run:
[36m[39m
[36m  pnpm exec playwright show-report[39m
[36m[39m
