
Running 2 tests using 1 worker

  ✓  1 [setup] › playwright/tests/auth.setup.ts:7:6 › authenticate Builder RC user (2.2s)

===== RC7 DND DEBUG =====
{
  "eventOrder": [
    {
      "owner": "BuilderShell-capture-dragover",
      "x": 244,
      "y": 355,
      "time": 1565.9000000357628
    },
    {
      "owner": "BuilderShell-capture-dragover",
      "x": 247,
      "y": 355,
      "time": 1582.2000000476837
    },
    {
      "owner": "BuilderShell-capture-dragover",
      "x": 249,
      "y": 355,
      "time": 1597
    },
    {
      "owner": "BuilderShell-capture-dragover",
      "x": 265,
      "y": 355,
      "time": 1634.1000000238419
    },
    {
      "owner": "BuilderShell-capture-dragover",
      "x": 282,
      "y": 355,
      "time": 1648.6000000238419
    },
    {
      "owner": "BuilderShell-capture-dragover",
      "x": 298,
      "y": 355,
      "time": 1663.2000000476837
    },
    {
      "owner": "BuilderShell-capture-dragover",
      "x": 314,
      "y": 356,
      "time": 1677.1000000238419
    },
    {
      "owner": "BuilderShell-capture-dragover",
      "x": 444,
      "y": 358,
      "time": 1694.1000000238419
    },
    {
      "owner": "BuilderShell-capture-dragover",
      "x": 461,
      "y": 358,
      "time": 1708.1000000238419
    },
    {
      "owner": "BuilderShell-capture-dragover",
      "x": 477,
      "y": 359,
      "time": 1723.2000000476837
    },
    {
      "owner": "BuilderShell-capture-dragover",
      "x": 493,
      "y": 359,
      "time": 1724.800000011921
    },
    {
      "owner": "BuilderShell-capture-dragover",
      "x": 509,
      "y": 359,
      "time": 1725.4000000357628
    },
    {
      "owner": "BuilderShell-capture-dragover",
      "x": 526,
      "y": 359,
      "time": 1726.1000000238419
    },
    {
      "owner": "BuilderShell-capture-dragover",
      "x": 542,
      "y": 360,
      "time": 1726.7000000476837
    },
    {
      "owner": "BuilderShell-capture-dragover",
      "x": 558,
      "y": 360,
      "time": 1727
    },
    {
      "owner": "BuilderShell-capture-dragover",
      "x": 574,
      "y": 360,
      "time": 1727.4000000357628
    },
    {
      "owner": "BuilderShell-capture-dragover",
      "x": 591,
      "y": 361,
      "time": 1727.800000011921
    },
    {
      "owner": "BuilderShell-capture-dragover",
      "x": 607,
      "y": 361,
      "time": 1728.1000000238419
    },
    {
      "owner": "BuilderShell-capture-dragover",
      "x": 623,
      "y": 361,
      "time": 1728.6000000238419
    },
    {
      "owner": "BuilderShell-capture-dragover",
      "x": 640,
      "y": 362,
      "time": 1729
    },
    {
      "owner": "BuilderShell-capture-dragover",
      "x": 640,
      "y": 242,
      "time": 1755.4000000357628
    },
    {
      "owner": "BuilderShell-capture-drop",
      "x": 640,
      "y": 242,
      "pending": {
        "targetParentId": "rc-t3b-container-a",
        "referenceNodeId": "rc-t3b-heading-a",
        "intent": "after",
        "overId": "rc-t3b-heading-a",
        "pointerX": 640,
        "pointerY": 242
      },
      "time": 1771
    }
  ],
  "lastCommit": {
    "dragId": "new:heading:27b8c9f3-00c5-4d8d-ae1f-5a4bc391c630",
    "targetParentId": "rc-t3b-container-a",
    "referenceNodeId": "rc-t3b-heading-a",
    "intent": "after"
  },
  "shell": {
    "activeId": "",
    "overId": "",
    "intent": "",
    "valid": "false"
  }
}
=========================

  ✘  2 [builder-chromium] › playwright/tests/builder/operations/drag-insert.spec.ts:30:5 › @operations @palette inserts Heading into a non-empty Container and persists (2.7s)


  1) [builder-chromium] › playwright/tests/builder/operations/drag-insert.spec.ts:30:5 › @operations @palette inserts Heading into a non-empty Container and persists 

    Error: expect(received).toBe(expected) // Object.is equality

    Expected: "inside"
    Received: "after"

       at ../helpers/builderDrag.ts:218

      216 |   expect(committed, "native palette drop must reach the production commit handler").toBeTruthy();
      217 |   expect(committed.targetParentId).toBe(targetId);
    > 218 |   expect(committed.intent).toBe("inside");
          |                            ^
      219 | }
      220 |
      221 | export async function dragSelectedNodeRelativeToSibling(
        at dragPaletteWidgetInside (/Users/kailash/buildez/apps/web-app/playwright/helpers/builderDrag.ts:218:28)
        at /Users/kailash/buildez/apps/web-app/playwright/tests/builder/operations/drag-insert.spec.ts:35:3

    attachment #1: screenshot (image/png) ──────────────────────────────────────────────────────────
    test-results/builder-operations-drag-in-91bb4-mpty-Container-and-persists-builder-chromium/test-failed-1.png
    ────────────────────────────────────────────────────────────────────────────────────────────────

    attachment #2: video (video/webm) ──────────────────────────────────────────────────────────────
    test-results/builder-operations-drag-in-91bb4-mpty-Container-and-persists-builder-chromium/video.webm
    ────────────────────────────────────────────────────────────────────────────────────────────────

    Error Context: test-results/builder-operations-drag-in-91bb4-mpty-Container-and-persists-builder-chromium/error-context.md

    attachment #4: trace (application/zip) ─────────────────────────────────────────────────────────
    test-results/builder-operations-drag-in-91bb4-mpty-Container-and-persists-builder-chromium/trace.zip
    Usage:

        pnpm exec playwright show-trace test-results/builder-operations-drag-in-91bb4-mpty-Container-and-persists-builder-chromium/trace.zip

    ────────────────────────────────────────────────────────────────────────────────────────────────

  1 failed
    [builder-chromium] › playwright/tests/builder/operations/drag-insert.spec.ts:30:5 › @operations @palette inserts Heading into a non-empty Container and persists 
  1 passed (6.2s)

To open last HTML report run:
[36m[39m
[36m  pnpm exec playwright show-report[39m
[36m[39m
