
Running 2 tests using 1 worker

  ✓  1 [setup] › playwright/tests/auth.setup.ts:7:6 › authenticate Builder RC user (2.2s)

===== RC7 DND DEBUG =====
{
  "eventOrder": [
    {
      "owner": "BuilderShell-capture-dragover",
      "x": 244,
      "y": 355,
      "time": 1517.7000000476837
    },
    {
      "owner": "BuilderShell-capture-dragover",
      "x": 247,
      "y": 355,
      "time": 1533.800000011921
    },
    {
      "owner": "BuilderShell-capture-dragover",
      "x": 249,
      "y": 355,
      "time": 1549.800000011921
    },
    {
      "owner": "BuilderShell-capture-dragover",
      "x": 265,
      "y": 355,
      "time": 1588.6000000238419
    },
    {
      "owner": "BuilderShell-capture-dragover",
      "x": 282,
      "y": 355,
      "time": 1603.7000000476837
    },
    {
      "owner": "BuilderShell-capture-dragover",
      "x": 298,
      "y": 355,
      "time": 1618.4000000357628
    },
    {
      "owner": "BuilderShell-capture-dragover",
      "x": 314,
      "y": 356,
      "time": 1631.9000000357628
    },
    {
      "owner": "BuilderShell-capture-dragover",
      "x": 444,
      "y": 358,
      "time": 1649.7000000476837
    },
    {
      "owner": "BuilderShell-capture-dragover",
      "x": 461,
      "y": 358,
      "time": 1663.800000011921
    },
    {
      "owner": "BuilderShell-capture-dragover",
      "x": 477,
      "y": 359,
      "time": 1679
    },
    {
      "owner": "BuilderShell-capture-dragover",
      "x": 493,
      "y": 359,
      "time": 1680.800000011921
    },
    {
      "owner": "BuilderShell-capture-dragover",
      "x": 509,
      "y": 359,
      "time": 1681.300000011921
    },
    {
      "owner": "BuilderShell-capture-dragover",
      "x": 526,
      "y": 359,
      "time": 1681.7000000476837
    },
    {
      "owner": "BuilderShell-capture-dragover",
      "x": 542,
      "y": 360,
      "time": 1682.1000000238419
    },
    {
      "owner": "BuilderShell-capture-dragover",
      "x": 558,
      "y": 360,
      "time": 1682.6000000238419
    },
    {
      "owner": "BuilderShell-capture-dragover",
      "x": 574,
      "y": 360,
      "time": 1683
    },
    {
      "owner": "BuilderShell-capture-dragover",
      "x": 591,
      "y": 361,
      "time": 1683.4000000357628
    },
    {
      "owner": "BuilderShell-capture-dragover",
      "x": 607,
      "y": 361,
      "time": 1683.7000000476837
    },
    {
      "owner": "BuilderShell-capture-dragover",
      "x": 623,
      "y": 361,
      "time": 1684.1000000238419
    },
    {
      "owner": "BuilderShell-capture-dragover",
      "x": 640,
      "y": 362,
      "time": 1684.5
    },
    {
      "owner": "BuilderShell-capture-dragover",
      "x": 640,
      "y": 242,
      "time": 1708.1000000238419
    },
    {
      "owner": "BuilderShell-capture-drop",
      "x": 640,
      "y": 242,
      "pending": {
        "targetParentId": "rc-t3b-container-a",
        "referenceNodeId": "rc-t3b-heading-a",
        "intent": "after",
        "overId": "rc-t3b-heading-a",
        "pointerX": 640,
        "pointerY": 242
      },
      "time": 1722.4000000357628
    }
  ],
  "lastCommit": {
    "dragId": "new:heading:32299d87-cd7b-491d-8000-85169b6fb6fc",
    "targetParentId": "rc-t3b-container-a",
    "referenceNodeId": "rc-t3b-heading-a",
    "intent": "after"
  },
  "shell": {
    "activeId": "",
    "overId": "",
    "intent": "",
    "valid": "false"
  }
}
=========================

  ✘  2 [builder-chromium] › playwright/tests/builder/operations/drag-insert.spec.ts:30:5 › @operations @palette inserts Heading into a non-empty Container and persists (2.4s)


  1) [builder-chromium] › playwright/tests/builder/operations/drag-insert.spec.ts:30:5 › @operations @palette inserts Heading into a non-empty Container and persists 

    Error: expect(received).toBe(expected) // Object.is equality

    Expected: "inside"
    Received: "after"

       at ../helpers/builderDrag.ts:279

      277 |   expect(committed, "native palette drop must reach the production commit handler").toBeTruthy();
      278 |   expect(committed.targetParentId).toBe(targetId);
    > 279 |   expect(committed.intent).toBe("inside");
          |                            ^
      280 | }
      281 |
      282 | export async function dragSelectedNodeRelativeToSibling(
        at dragPaletteWidgetInside (/Users/kailash/buildez/apps/web-app/playwright/helpers/builderDrag.ts:279:28)
        at /Users/kailash/buildez/apps/web-app/playwright/tests/builder/operations/drag-insert.spec.ts:35:3

    attachment #1: screenshot (image/png) ──────────────────────────────────────────────────────────
    test-results/builder-operations-drag-in-91bb4-mpty-Container-and-persists-builder-chromium/test-failed-1.png
    ────────────────────────────────────────────────────────────────────────────────────────────────

    attachment #2: video (video/webm) ──────────────────────────────────────────────────────────────
    test-results/builder-operations-drag-in-91bb4-mpty-Container-and-persists-builder-chromium/video.webm
    ────────────────────────────────────────────────────────────────────────────────────────────────

    Error Context: test-results/builder-operations-drag-in-91bb4-mpty-Container-and-persists-builder-chromium/error-context.md

    attachment #4: trace (application/zip) ─────────────────────────────────────────────────────────
    test-results/builder-operations-drag-in-91bb4-mpty-Container-and-persists-builder-chromium/trace.zip
    Usage:

        pnpm exec playwright show-trace test-results/builder-operations-drag-in-91bb4-mpty-Container-and-persists-builder-chromium/trace.zip

    ────────────────────────────────────────────────────────────────────────────────────────────────

  1 failed
    [builder-chromium] › playwright/tests/builder/operations/drag-insert.spec.ts:30:5 › @operations @palette inserts Heading into a non-empty Container and persists 
  1 passed (6.1s)

To open last HTML report run:
[36m[39m
[36m  pnpm exec playwright show-report[39m
[36m[39m
