
Running 32 tests using 4 workers

  ✓   1 [setup] › playwright/tests/auth.setup.ts:7:6 › authenticate Builder RC user (2.2s)
  ✘   2 [builder-chromium] › playwright/tests/builder/authenticated-builder.spec.ts:13:5 › authenticated Builder page exposes the RC browser surface (429ms)
  ✘   6 [builder-chromium] › playwright/tests/builder/authenticated-builder.spec.ts:21:5 › @visual authenticated Builder canvas baseline (370ms)
  ✘   3 [builder-chromium] › playwright/tests/builder/operations/drag-insert.spec.ts:30:5 › @operations @palette inserts Heading into a non-empty Container and persists (10.3s)
  ✓   5 [builder-chromium] › playwright/tests/builder/operations/duplicate-selection.spec.ts:40:5 › @operations duplicate selects the created node and undo restores structure (10.9s)
  ✓   7 [builder-chromium] › playwright/tests/builder/operations/fixture-reset.spec.ts:10:5 › @operations @fixture disposable page resets through authenticated production contracts (9.1s)
  ✓   4 [builder-chromium] › playwright/tests/builder/operations/cross-container.spec.ts:35:5 › @operations @dnd cross-container drag persists and remains selected (15.3s)
  ✓  10 [builder-chromium] › playwright/tests/builder/operations/invalid-dnd.spec.ts:45:5 › @operations @invalid-dnd Escape cancels active native drag without mutation (7.1s)
  ✓   9 [builder-chromium] › playwright/tests/builder/operations/drag-insert.spec.ts:54:5 › @operations @palette inserts into an emptied Container as its only child (10.9s)
  ✓  12 [builder-chromium] › playwright/tests/builder/operations/invalid-dnd.spec.ts:55:5 › @operations @invalid-dnd release over Builder header leaves structure unchanged (6.6s)
  ✓  11 [builder-chromium] › playwright/tests/builder/operations/cross-container.spec.ts:80:5 › @operations @save-error failed save remains recoverable and retry persists (12.4s)
  ✘   8 [builder-chromium] › playwright/tests/builder/operations/golden-journeys.spec.ts:82:5 › @operations @journeys landing-page journey inserts, duplicates, saves and reloads (17.7s)
  ✓  14 [builder-chromium] › playwright/tests/builder/operations/invalid-dnd.spec.ts:69:5 › @operations @invalid-dnd drop onto self is an atomic no-op (5.3s)
  ✓  15 [builder-chromium] › playwright/tests/builder/operations/keyboard-focus.spec.ts:16:5 › @operations @keyboard shortcuts work from chrome and remain safe in editors (4.2s)
  ✓  17 [builder-chromium] › playwright/tests/builder/operations/invalid-dnd.spec.ts:77:5 › @operations @invalid-dnd parent into descendant is rejected without history (5.8s)
  ✓  18 [builder-chromium] › playwright/tests/builder/operations/persistence-matrix.spec.ts:115:5 › @operations @persistence duplicate persists exactly once and survives reload (7.7s)
  ✘  13 [builder-chromium] › playwright/tests/builder/operations/drag-insert.spec.ts:75:7 › @operations @palette inserts at first position and persists exact order (16.5s)
  ✓  19 [builder-chromium] › playwright/tests/builder/operations/invalid-dnd.spec.ts:88:5 › @operations @invalid-dnd Section cannot be reparented under a widget parent (5.5s)
  ✓  20 [builder-chromium] › playwright/tests/builder/operations/persistence-matrix.spec.ts:208:5 › @operations @persistence delete removes node and survives reload (6.3s)
  ✘  16 [builder-chromium] › playwright/tests/builder/operations/golden-journeys.spec.ts:191:5 › @operations @journeys nested-layout journey moves content, saves and reloads (19.4s)
  ✓  23 [builder-chromium] › playwright/tests/builder/operations/persistence-matrix.spec.ts:288:5 › @operations @persistence reorder preserves exact sibling order after reload (7.4s)
  ✓  22 [builder-chromium] › playwright/tests/builder/operations/reorder.spec.ts:22:5 › @operations @reorder moves first sibling to last, undo/redo, save and reload (11.1s)
  ✘  21 [builder-chromium] › playwright/tests/builder/operations/drag-insert.spec.ts:75:7 › @operations @palette inserts at last position and persists exact order (16.0s)
  ✓  24 [builder-chromium] › playwright/tests/builder/operations/responsive-targeting.spec.ts:136:7 › @operations @responsive reorder targets correctly on desktop (9.0s)
  ✓  27 [builder-chromium] › playwright/tests/builder/operations/zoom-targeting.spec.ts:99:7 › @operations @zoom sibling reorder targets correctly at 100% (6.2s)
  ✓  28 [builder-chromium] › playwright/tests/builder/operations/responsive-targeting.spec.ts:136:7 › @operations @responsive reorder targets correctly on tablet (6.8s)
  ✘  25 [builder-chromium] › playwright/tests/builder/operations/persistence-matrix.spec.ts:375:5 › @operations @persistence cross-container move persists one parent and survives reload (17.6s)
  ✓  29 [builder-chromium] › playwright/tests/builder/operations/zoom-targeting.spec.ts:99:7 › @operations @zoom sibling reorder targets correctly at 80% (5.3s)
  ✘  26 [builder-chromium] › playwright/tests/builder/operations/scroll-targeting.spec.ts:58:5 › @operations @scroll palette insertion targets the lower canvas after scrolling and survives reload (18.2s)
  ✓  31 [builder-chromium] › playwright/tests/builder/operations/zoom-targeting.spec.ts:99:7 › @operations @zoom sibling reorder targets correctly at 50% (10.5s)
  ✓  30 [builder-chromium] › playwright/tests/builder/operations/responsive-targeting.spec.ts:136:7 › @operations @responsive reorder targets correctly on mobile (14.5s)
  ✓  32 [builder-chromium] › playwright/tests/builder/operations/persistence-matrix.spec.ts:478:5 › @operations @persistence @copy-paste copy paste creates one independent node and survives reload (9.6s)


  1) [builder-chromium] › playwright/tests/builder/authenticated-builder.spec.ts:13:5 › authenticated Builder page exposes the RC browser surface 

    Error: E2E_BUILDER_URL must identify an existing Builder page, for example /app/site/page-title--page-id.

      4 |   const value = process.env.E2E_BUILDER_URL;
      5 |   if (!value) {
    > 6 |     throw new Error(
        |           ^
      7 |       "E2E_BUILDER_URL must identify an existing Builder page, for example /app/site/page-title--page-id."
      8 |     );
      9 |   }
        at builderURL (/Users/kailash/buildez/apps/web-app/playwright/tests/builder/authenticated-builder.spec.ts:6:11)
        at /Users/kailash/buildez/apps/web-app/playwright/tests/builder/authenticated-builder.spec.ts:14:19

    attachment #1: screenshot (image/png) ──────────────────────────────────────────────────────────
    test-results/builder-authenticated-buil-42a90-oses-the-RC-browser-surface-builder-chromium/test-failed-1.png
    ────────────────────────────────────────────────────────────────────────────────────────────────

    attachment #2: video (video/webm) ──────────────────────────────────────────────────────────────
    test-results/builder-authenticated-buil-42a90-oses-the-RC-browser-surface-builder-chromium/video.webm
    ────────────────────────────────────────────────────────────────────────────────────────────────

    Error Context: test-results/builder-authenticated-buil-42a90-oses-the-RC-browser-surface-builder-chromium/error-context.md

    attachment #4: trace (application/zip) ─────────────────────────────────────────────────────────
    test-results/builder-authenticated-buil-42a90-oses-the-RC-browser-surface-builder-chromium/trace.zip
    Usage:

        pnpm exec playwright show-trace test-results/builder-authenticated-buil-42a90-oses-the-RC-browser-surface-builder-chromium/trace.zip

    ────────────────────────────────────────────────────────────────────────────────────────────────

  2) [builder-chromium] › playwright/tests/builder/authenticated-builder.spec.ts:21:5 › @visual authenticated Builder canvas baseline 

    Error: E2E_BUILDER_URL must identify an existing Builder page, for example /app/site/page-title--page-id.

      4 |   const value = process.env.E2E_BUILDER_URL;
      5 |   if (!value) {
    > 6 |     throw new Error(
        |           ^
      7 |       "E2E_BUILDER_URL must identify an existing Builder page, for example /app/site/page-title--page-id."
      8 |     );
      9 |   }
        at builderURL (/Users/kailash/buildez/apps/web-app/playwright/tests/builder/authenticated-builder.spec.ts:6:11)
        at /Users/kailash/buildez/apps/web-app/playwright/tests/builder/authenticated-builder.spec.ts:22:19

    attachment #1: screenshot (image/png) ──────────────────────────────────────────────────────────
    test-results/builder-authenticated-buil-47535-ted-Builder-canvas-baseline-builder-chromium/test-failed-1.png
    ────────────────────────────────────────────────────────────────────────────────────────────────

    attachment #2: video (video/webm) ──────────────────────────────────────────────────────────────
    test-results/builder-authenticated-buil-47535-ted-Builder-canvas-baseline-builder-chromium/video.webm
    ────────────────────────────────────────────────────────────────────────────────────────────────

    Error Context: test-results/builder-authenticated-buil-47535-ted-Builder-canvas-baseline-builder-chromium/error-context.md

    attachment #4: trace (application/zip) ─────────────────────────────────────────────────────────
    test-results/builder-authenticated-buil-47535-ted-Builder-canvas-baseline-builder-chromium/trace.zip
    Usage:

        pnpm exec playwright show-trace test-results/builder-authenticated-buil-47535-ted-Builder-canvas-baseline-builder-chromium/trace.zip

    ────────────────────────────────────────────────────────────────────────────────────────────────

  3) [builder-chromium] › playwright/tests/builder/operations/drag-insert.spec.ts:30:5 › @operations @palette inserts Heading into a non-empty Container and persists 

    Error: expect(received).toBe(expected) // Object.is equality

    Expected: "inside"
    Received: "after"

       at ../helpers/builderDrag.ts:194

      192 |   expect(committed, "native palette drop must reach the production commit handler").toBeTruthy();
      193 |   expect(committed.targetParentId).toBe(targetId);
    > 194 |   expect(committed.intent).toBe("inside");
          |                            ^
      195 | }
      196 |
      197 | export async function dragSelectedNodeRelativeToSibling(
        at dragPaletteWidgetInside (/Users/kailash/buildez/apps/web-app/playwright/helpers/builderDrag.ts:194:28)
        at /Users/kailash/buildez/apps/web-app/playwright/tests/builder/operations/drag-insert.spec.ts:35:3

    attachment #1: screenshot (image/png) ──────────────────────────────────────────────────────────
    test-results/builder-operations-drag-in-91bb4-mpty-Container-and-persists-builder-chromium/test-failed-1.png
    ────────────────────────────────────────────────────────────────────────────────────────────────

    attachment #2: video (video/webm) ──────────────────────────────────────────────────────────────
    test-results/builder-operations-drag-in-91bb4-mpty-Container-and-persists-builder-chromium/video.webm
    ────────────────────────────────────────────────────────────────────────────────────────────────

    Error Context: test-results/builder-operations-drag-in-91bb4-mpty-Container-and-persists-builder-chromium/error-context.md

    attachment #4: trace (application/zip) ─────────────────────────────────────────────────────────
    test-results/builder-operations-drag-in-91bb4-mpty-Container-and-persists-builder-chromium/trace.zip
    Usage:

        pnpm exec playwright show-trace test-results/builder-operations-drag-in-91bb4-mpty-Container-and-persists-builder-chromium/trace.zip

    ────────────────────────────────────────────────────────────────────────────────────────────────

  4) [builder-chromium] › playwright/tests/builder/operations/drag-insert.spec.ts:75:7 › @operations @palette inserts at first position and persists exact order 

    Error: expect(locator).toHaveAttribute(expected) failed

    Locator:  getByTestId('builder-shell')
    Expected: "rc-t3b-heading-a"
    Received: ""
    Timeout:  10000ms

    Call log:
      - Expect "toHaveAttribute" with timeout 10000ms
      - waiting for getByTestId('builder-shell')
        23 × locator resolved to <div data-dnd-intent="" data-dnd-over-id="" data-dnd-valid="false" data-testid="builder-shell" data-builder-fullscreen="false" data-builder-focus-mode="false" data-dnd-active-id="new:heading:3347811d-42f6-48cd-9962-84cdc3753ad9" class="builder-shell h-screen w-full bg-[var(--dashboard-bg)] text-[var(--dashboard-text)] dark:bg-[#0F1118] dark:text-white overflow-hidden">…</div>
           - unexpected value ""


       at ../helpers/builderDrag.ts:445

      443 |     { steps: 18 },
      444 |   );
    > 445 |   await expect(shell).toHaveAttribute("data-dnd-over-id", siblingId);
          |                       ^
      446 |   await expect(shell).toHaveAttribute("data-dnd-intent", intent);
      447 |   await page.mouse.up();
      448 |   const committed = await page.evaluate(() => (window as any).__builderLastDropCommit);
        at dragPaletteWidgetRelativeToSibling (/Users/kailash/buildez/apps/web-app/playwright/helpers/builderDrag.ts:445:23)
        at /Users/kailash/buildez/apps/web-app/playwright/tests/builder/operations/drag-insert.spec.ts:81:5

    attachment #1: screenshot (image/png) ──────────────────────────────────────────────────────────
    test-results/builder-operations-drag-in-77493-on-and-persists-exact-order-builder-chromium/test-failed-1.png
    ────────────────────────────────────────────────────────────────────────────────────────────────

    attachment #2: video (video/webm) ──────────────────────────────────────────────────────────────
    test-results/builder-operations-drag-in-77493-on-and-persists-exact-order-builder-chromium/video.webm
    ────────────────────────────────────────────────────────────────────────────────────────────────

    Error Context: test-results/builder-operations-drag-in-77493-on-and-persists-exact-order-builder-chromium/error-context.md

    attachment #4: trace (application/zip) ─────────────────────────────────────────────────────────
    test-results/builder-operations-drag-in-77493-on-and-persists-exact-order-builder-chromium/trace.zip
    Usage:

        pnpm exec playwright show-trace test-results/builder-operations-drag-in-77493-on-and-persists-exact-order-builder-chromium/trace.zip

    ────────────────────────────────────────────────────────────────────────────────────────────────

  5) [builder-chromium] › playwright/tests/builder/operations/drag-insert.spec.ts:75:7 › @operations @palette inserts at last position and persists exact order 

    Error: expect(locator).toHaveAttribute(expected) failed

    Locator:  getByTestId('builder-shell')
    Expected: "rc-t3b-button-a"
    Received: ""
    Timeout:  10000ms

    Call log:
      - Expect "toHaveAttribute" with timeout 10000ms
      - waiting for getByTestId('builder-shell')
        23 × locator resolved to <div data-dnd-intent="" data-dnd-over-id="" data-dnd-valid="false" data-testid="builder-shell" data-builder-fullscreen="false" data-builder-focus-mode="false" data-dnd-active-id="new:heading:9899fc6a-c6df-45f0-ab26-a28ca2c2349c" class="builder-shell h-screen w-full bg-[var(--dashboard-bg)] text-[var(--dashboard-text)] dark:bg-[#0F1118] dark:text-white overflow-hidden">…</div>
           - unexpected value ""


       at ../helpers/builderDrag.ts:445

      443 |     { steps: 18 },
      444 |   );
    > 445 |   await expect(shell).toHaveAttribute("data-dnd-over-id", siblingId);
          |                       ^
      446 |   await expect(shell).toHaveAttribute("data-dnd-intent", intent);
      447 |   await page.mouse.up();
      448 |   const committed = await page.evaluate(() => (window as any).__builderLastDropCommit);
        at dragPaletteWidgetRelativeToSibling (/Users/kailash/buildez/apps/web-app/playwright/helpers/builderDrag.ts:445:23)
        at /Users/kailash/buildez/apps/web-app/playwright/tests/builder/operations/drag-insert.spec.ts:81:5

    attachment #1: screenshot (image/png) ──────────────────────────────────────────────────────────
    test-results/builder-operations-drag-in-5b29a-on-and-persists-exact-order-builder-chromium/test-failed-1.png
    ────────────────────────────────────────────────────────────────────────────────────────────────

    attachment #2: video (video/webm) ──────────────────────────────────────────────────────────────
    test-results/builder-operations-drag-in-5b29a-on-and-persists-exact-order-builder-chromium/video.webm
    ────────────────────────────────────────────────────────────────────────────────────────────────

    Error Context: test-results/builder-operations-drag-in-5b29a-on-and-persists-exact-order-builder-chromium/error-context.md

    attachment #4: trace (application/zip) ─────────────────────────────────────────────────────────
    test-results/builder-operations-drag-in-5b29a-on-and-persists-exact-order-builder-chromium/trace.zip
    Usage:

        pnpm exec playwright show-trace test-results/builder-operations-drag-in-5b29a-on-and-persists-exact-order-builder-chromium/trace.zip

    ────────────────────────────────────────────────────────────────────────────────────────────────

  6) [builder-chromium] › playwright/tests/builder/operations/golden-journeys.spec.ts:82:5 › @operations @journeys landing-page journey inserts, duplicates, saves and reloads 

    Error: expect(locator).toHaveAttribute(expected) failed

    Locator:  getByTestId('builder-shell')
    Expected: "rc-t3b-container-b"
    Received: "rc-t3b-text-b"
    Timeout:  10000ms

    Call log:
      - Expect "toHaveAttribute" with timeout 10000ms
      - waiting for getByTestId('builder-shell')
        23 × locator resolved to <div data-dnd-valid="true" data-dnd-intent="before" data-testid="builder-shell" data-builder-fullscreen="false" data-builder-focus-mode="false" data-dnd-over-id="rc-t3b-text-b" data-dnd-active-id="new:heading:1b558b8e-c945-49fa-8f34-eaf2782e649d" class="builder-shell h-screen w-full bg-[var(--dashboard-bg)] text-[var(--dashboard-text)] dark:bg-[#0F1118] dark:text-white overflow-hidden">…</div>
           - unexpected value "rc-t3b-text-b"


       at ../helpers/builderDrag.ts:182

      180 |     await page.mouse.move(targetLaneX(live), safeY, { steps: 8 });
      181 |   }
    > 182 |   await expect(shell).toHaveAttribute("data-dnd-over-id", targetId);
          |                       ^
      183 |   await expect(shell).toHaveAttribute("data-dnd-intent", "inside");
      184 |   await expect(shell).toHaveAttribute("data-dnd-valid", "true");
      185 |   const releaseBox = await target.boundingBox();
        at dragPaletteWidgetInside (/Users/kailash/buildez/apps/web-app/playwright/helpers/builderDrag.ts:182:23)
        at /Users/kailash/buildez/apps/web-app/playwright/tests/builder/operations/golden-journeys.spec.ts:97:5

    attachment #1: screenshot (image/png) ──────────────────────────────────────────────────────────
    test-results/builder-operations-golden--d228e-uplicates-saves-and-reloads-builder-chromium/test-failed-1.png
    ────────────────────────────────────────────────────────────────────────────────────────────────

    attachment #2: video (video/webm) ──────────────────────────────────────────────────────────────
    test-results/builder-operations-golden--d228e-uplicates-saves-and-reloads-builder-chromium/video.webm
    ────────────────────────────────────────────────────────────────────────────────────────────────

    Error Context: test-results/builder-operations-golden--d228e-uplicates-saves-and-reloads-builder-chromium/error-context.md

    attachment #4: trace (application/zip) ─────────────────────────────────────────────────────────
    test-results/builder-operations-golden--d228e-uplicates-saves-and-reloads-builder-chromium/trace.zip
    Usage:

        pnpm exec playwright show-trace test-results/builder-operations-golden--d228e-uplicates-saves-and-reloads-builder-chromium/trace.zip

    ────────────────────────────────────────────────────────────────────────────────────────────────

  7) [builder-chromium] › playwright/tests/builder/operations/golden-journeys.spec.ts:191:5 › @operations @journeys nested-layout journey moves content, saves and reloads 

    Error: expect(locator).toHaveAttribute(expected) failed

    Locator:  getByTestId('builder-shell')
    Expected: "rc-t3b-container-nested"
    Received: "rc-t3b-container-c"
    Timeout:  10000ms

    Call log:
      - Expect "toHaveAttribute" with timeout 10000ms
      - waiting for getByTestId('builder-shell')
        23 × locator resolved to <div data-dnd-valid="true" data-dnd-intent="inside" data-testid="builder-shell" data-builder-fullscreen="false" data-builder-focus-mode="false" data-dnd-active-id="rc-t3b-text-b" data-dnd-over-id="rc-t3b-container-c" class="builder-shell h-screen w-full bg-[var(--dashboard-bg)] text-[var(--dashboard-text)] dark:bg-[#0F1118] dark:text-white overflow-hidden">…</div>
           - unexpected value "rc-t3b-container-c"


       at ../helpers/builderDrag.ts:110

      108 |   if (!liveTarget) return;
      109 |   await page.mouse.move(liveTarget.x + Math.min(12, liveTarget.width / 2), safeY, { steps: 8 });
    > 110 |   await expect(shell).toHaveAttribute("data-dnd-over-id", targetId);
          |                       ^
      111 |   await expect(shell).toHaveAttribute("data-dnd-intent", "inside");
      112 |   await expect(shell).toHaveAttribute("data-dnd-valid", "true");
      113 |   // Assertions take time while the production edge auto-scroll remains live.
        at dragSelectedNodeByHandle (/Users/kailash/buildez/apps/web-app/playwright/helpers/builderDrag.ts:110:23)
        at /Users/kailash/buildez/apps/web-app/playwright/tests/builder/operations/golden-journeys.spec.ts:215:5

    attachment #1: screenshot (image/png) ──────────────────────────────────────────────────────────
    test-results/builder-operations-golden--44fad-s-content-saves-and-reloads-builder-chromium/test-failed-1.png
    ────────────────────────────────────────────────────────────────────────────────────────────────

    attachment #2: video (video/webm) ──────────────────────────────────────────────────────────────
    test-results/builder-operations-golden--44fad-s-content-saves-and-reloads-builder-chromium/video.webm
    ────────────────────────────────────────────────────────────────────────────────────────────────

    Error Context: test-results/builder-operations-golden--44fad-s-content-saves-and-reloads-builder-chromium/error-context.md

    attachment #4: trace (application/zip) ─────────────────────────────────────────────────────────
    test-results/builder-operations-golden--44fad-s-content-saves-and-reloads-builder-chromium/trace.zip
    Usage:

        pnpm exec playwright show-trace test-results/builder-operations-golden--44fad-s-content-saves-and-reloads-builder-chromium/trace.zip

    ────────────────────────────────────────────────────────────────────────────────────────────────

  8) [builder-chromium] › playwright/tests/builder/operations/persistence-matrix.spec.ts:375:5 › @operations @persistence cross-container move persists one parent and survives reload 

    Error: expect(locator).toHaveAttribute(expected) failed

    Locator:  getByTestId('builder-shell')
    Expected: "rc-t3b-container-b"
    Received: ""
    Timeout:  10000ms

    Call log:
      - Expect "toHaveAttribute" with timeout 10000ms
      - waiting for getByTestId('builder-shell')
        23 × locator resolved to <div data-dnd-intent="" data-dnd-over-id="" data-dnd-valid="false" data-testid="builder-shell" data-builder-fullscreen="false" data-builder-focus-mode="false" data-dnd-active-id="rc-t3b-button-a" class="builder-shell h-screen w-full bg-[var(--dashboard-bg)] text-[var(--dashboard-text)] dark:bg-[#0F1118] dark:text-white overflow-hidden">…</div>
           - unexpected value ""


       at ../helpers/builderDrag.ts:110

      108 |   if (!liveTarget) return;
      109 |   await page.mouse.move(liveTarget.x + Math.min(12, liveTarget.width / 2), safeY, { steps: 8 });
    > 110 |   await expect(shell).toHaveAttribute("data-dnd-over-id", targetId);
          |                       ^
      111 |   await expect(shell).toHaveAttribute("data-dnd-intent", "inside");
      112 |   await expect(shell).toHaveAttribute("data-dnd-valid", "true");
      113 |   // Assertions take time while the production edge auto-scroll remains live.
        at dragSelectedNodeByHandle (/Users/kailash/buildez/apps/web-app/playwright/helpers/builderDrag.ts:110:23)
        at /Users/kailash/buildez/apps/web-app/playwright/tests/builder/operations/persistence-matrix.spec.ts:402:5

    attachment #1: screenshot (image/png) ──────────────────────────────────────────────────────────
    test-results/builder-operations-persist-bf48e--parent-and-survives-reload-builder-chromium/test-failed-1.png
    ────────────────────────────────────────────────────────────────────────────────────────────────

    attachment #2: video (video/webm) ──────────────────────────────────────────────────────────────
    test-results/builder-operations-persist-bf48e--parent-and-survives-reload-builder-chromium/video.webm
    ────────────────────────────────────────────────────────────────────────────────────────────────

    Error Context: test-results/builder-operations-persist-bf48e--parent-and-survives-reload-builder-chromium/error-context.md

    attachment #4: trace (application/zip) ─────────────────────────────────────────────────────────
    test-results/builder-operations-persist-bf48e--parent-and-survives-reload-builder-chromium/trace.zip
    Usage:

        pnpm exec playwright show-trace test-results/builder-operations-persist-bf48e--parent-and-survives-reload-builder-chromium/trace.zip

    ────────────────────────────────────────────────────────────────────────────────────────────────

  9) [builder-chromium] › playwright/tests/builder/operations/scroll-targeting.spec.ts:58:5 › @operations @scroll palette insertion targets the lower canvas after scrolling and survives reload 

    Error: expect(locator).toHaveAttribute(expected) failed

    Locator:  getByTestId('builder-shell')
    Expected: "rc-t3b-container-c"
    Received: "rc-t3b-section-c"
    Timeout:  10000ms

    Call log:
      - Expect "toHaveAttribute" with timeout 10000ms
      - waiting for getByTestId('builder-shell')
        23 × locator resolved to <div data-dnd-valid="true" data-dnd-intent="inside" data-testid="builder-shell" data-builder-fullscreen="false" data-builder-focus-mode="false" data-dnd-over-id="rc-t3b-section-c" data-dnd-active-id="new:heading:b4aad873-6631-4784-97cc-412616a51f26" class="builder-shell h-screen w-full bg-[var(--dashboard-bg)] text-[var(--dashboard-text)] dark:bg-[#0F1118] dark:text-white overflow-hidden">…</div>
           - unexpected value "rc-t3b-section-c"


       at ../helpers/builderDrag.ts:699

      697 |   );
      698 |
    > 699 |   await expect(shell).toHaveAttribute(
          |                       ^
      700 |     "data-dnd-over-id",
      701 |     targetId,
      702 |   );
        at dragPaletteWidgetIntoVisibleTarget (/Users/kailash/buildez/apps/web-app/playwright/helpers/builderDrag.ts:699:23)
        at /Users/kailash/buildez/apps/web-app/playwright/tests/builder/operations/scroll-targeting.spec.ts:152:5

    attachment #1: screenshot (image/png) ──────────────────────────────────────────────────────────
    test-results/builder-operations-scroll--75c8e-rolling-and-survives-reload-builder-chromium/test-failed-1.png
    ────────────────────────────────────────────────────────────────────────────────────────────────

    attachment #2: video (video/webm) ──────────────────────────────────────────────────────────────
    test-results/builder-operations-scroll--75c8e-rolling-and-survives-reload-builder-chromium/video.webm
    ────────────────────────────────────────────────────────────────────────────────────────────────

    Error Context: test-results/builder-operations-scroll--75c8e-rolling-and-survives-reload-builder-chromium/error-context.md

    attachment #4: trace (application/zip) ─────────────────────────────────────────────────────────
    test-results/builder-operations-scroll--75c8e-rolling-and-survives-reload-builder-chromium/trace.zip
    Usage:

        pnpm exec playwright show-trace test-results/builder-operations-scroll--75c8e-rolling-and-survives-reload-builder-chromium/trace.zip

    ────────────────────────────────────────────────────────────────────────────────────────────────

  9 failed
    [builder-chromium] › playwright/tests/builder/authenticated-builder.spec.ts:13:5 › authenticated Builder page exposes the RC browser surface 
    [builder-chromium] › playwright/tests/builder/authenticated-builder.spec.ts:21:5 › @visual authenticated Builder canvas baseline 
    [builder-chromium] › playwright/tests/builder/operations/drag-insert.spec.ts:30:5 › @operations @palette inserts Heading into a non-empty Container and persists 
    [builder-chromium] › playwright/tests/builder/operations/drag-insert.spec.ts:75:7 › @operations @palette inserts at first position and persists exact order 
    [builder-chromium] › playwright/tests/builder/operations/drag-insert.spec.ts:75:7 › @operations @palette inserts at last position and persists exact order 
    [builder-chromium] › playwright/tests/builder/operations/golden-journeys.spec.ts:82:5 › @operations @journeys landing-page journey inserts, duplicates, saves and reloads 
    [builder-chromium] › playwright/tests/builder/operations/golden-journeys.spec.ts:191:5 › @operations @journeys nested-layout journey moves content, saves and reloads 
    [builder-chromium] › playwright/tests/builder/operations/persistence-matrix.spec.ts:375:5 › @operations @persistence cross-container move persists one parent and survives reload 
    [builder-chromium] › playwright/tests/builder/operations/scroll-targeting.spec.ts:58:5 › @operations @scroll palette insertion targets the lower canvas after scrolling and survives reload 
  23 passed (1.4m)

To open last HTML report run:
[36m[39m
[36m  pnpm exec playwright show-report[39m
[36m[39m
